---
source: crates/inferno-formats/tests/snapshot_desc.rs
expression: desc
---
architecture: Llama
name: mlx
hyperparams:
  vocab_size: 260
  hidden_size: 64
  n_layers: 2
  n_heads: 2
  n_kv_heads: 1
  ffn_hidden_size: 256
  rope_theta: 10000
  norm_eps: 0.00001
  context_length: 128
  rope_style: HalfSplit
tensors:
  - name: token_embed.weight
    shape:
      - 260
      - 64
    dtype: F32
    file_index: 0
    data_offset: 0
    data_len: 66560
  - name: layers.0.attn_norm.weight
    shape:
      - 64
    dtype: F32
    file_index: 0
    data_offset: 66816
    data_len: 256
  - name: layers.0.ffn.down_proj.weight
    shape:
      - 64
      - 256
    dtype: F32
    file_index: 0
    data_offset: 177920
    data_len: 65536
  - name: layers.0.ffn.gate_proj.weight
    shape:
      - 256
      - 64
    dtype: F16
    file_index: 0
    data_offset: 112384
    data_len: 32768
  - name: layers.0.ffn.up_proj.weight
    shape:
      - 256
      - 64
    dtype: BF16
    file_index: 0
    data_offset: 145152
    data_len: 32768
  - name: layers.0.ffn_norm.weight
    shape:
      - 64
    dtype: F32
    file_index: 0
    data_offset: 112128
    data_len: 256
  - name: layers.0.attn.k_proj.weight
    shape:
      - 32
      - 64
    dtype: F32
    file_index: 0
    data_offset: 83456
    data_len: 8192
  - name: layers.0.attn.o_proj.weight
    shape:
      - 64
      - 64
    dtype: F32
    file_index: 0
    data_offset: 95744
    data_len: 16384
  - name: layers.0.attn.q_proj.weight
    shape:
      - 64
      - 64
    dtype: F32
    file_index: 0
    data_offset: 67072
    data_len: 16384
  - name: layers.0.attn.v_proj.weight
    shape:
      - 32
      - 64
    dtype: F16
    file_index: 0
    data_offset: 91648
    data_len: 4096
  - name: layers.1.attn_norm.weight
    shape:
      - 64
    dtype: F32
    file_index: 0
    data_offset: 243456
    data_len: 256
  - name: layers.1.ffn.down_proj.weight
    shape:
      - 64
      - 256
    dtype: F32
    file_index: 0
    data_offset: 354560
    data_len: 65536
  - name: layers.1.ffn.gate_proj.weight
    shape:
      - 256
      - 64
    dtype: F16
    file_index: 0
    data_offset: 289024
    data_len: 32768
  - name: layers.1.ffn.up_proj.weight
    shape:
      - 256
      - 64
    dtype: BF16
    file_index: 0
    data_offset: 321792
    data_len: 32768
  - name: layers.1.ffn_norm.weight
    shape:
      - 64
    dtype: F32
    file_index: 0
    data_offset: 288768
    data_len: 256
  - name: layers.1.attn.k_proj.weight
    shape:
      - 32
      - 64
    dtype: F32
    file_index: 0
    data_offset: 260096
    data_len: 8192
  - name: layers.1.attn.o_proj.weight
    shape:
      - 64
      - 64
    dtype: F32
    file_index: 0
    data_offset: 272384
    data_len: 16384
  - name: layers.1.attn.q_proj.weight
    shape:
      - 64
      - 64
    dtype: F32
    file_index: 0
    data_offset: 243712
    data_len: 16384
  - name: layers.1.attn.v_proj.weight
    shape:
      - 32
      - 64
    dtype: F16
    file_index: 0
    data_offset: 268288
    data_len: 4096
  - name: output_norm.weight
    shape:
      - 64
    dtype: F32
    file_index: 0
    data_offset: 66560
    data_len: 256
data_section_offsets:
  - 2044
