---
source: crates/inferno-formats/tests/snapshot_desc.rs
expression: desc
---
architecture: Llama
name: tiny-llama-test
hyperparams:
  vocab_size: 260
  hidden_size: 64
  n_layers: 2
  n_heads: 2
  n_kv_heads: 1
  ffn_hidden_size: 256
  rope_theta: 10000
  norm_eps: 0.00001
  context_length: 128
  rope_style: Interleaved
tensors:
  - name: token_embed.weight
    shape:
      - 260
      - 64
    dtype: F32
    file_index: 0
    data_offset: 0
    data_len: 66560
  - name: output_norm.weight
    shape:
      - 64
    dtype: F32
    file_index: 0
    data_offset: 66560
    data_len: 256
  - name: layers.0.attn_norm.weight
    shape:
      - 64
    dtype: F32
    file_index: 0
    data_offset: 66816
    data_len: 256
  - name: layers.0.attn.q_proj.weight
    shape:
      - 64
      - 64
    dtype: Q8_0
    file_index: 0
    data_offset: 67072
    data_len: 4352
  - name: layers.0.attn.k_proj.weight
    shape:
      - 32
      - 64
    dtype: Q8_0
    file_index: 0
    data_offset: 71424
    data_len: 2176
  - name: layers.0.attn.v_proj.weight
    shape:
      - 32
      - 64
    dtype: F16
    file_index: 0
    data_offset: 73600
    data_len: 4096
  - name: layers.0.attn.o_proj.weight
    shape:
      - 64
      - 64
    dtype: Q8_0
    file_index: 0
    data_offset: 77696
    data_len: 4352
  - name: layers.0.ffn_norm.weight
    shape:
      - 64
    dtype: F32
    file_index: 0
    data_offset: 82048
    data_len: 256
  - name: layers.0.ffn.gate_proj.weight
    shape:
      - 256
      - 64
    dtype: F16
    file_index: 0
    data_offset: 82304
    data_len: 32768
  - name: layers.0.ffn.up_proj.weight
    shape:
      - 256
      - 64
    dtype: BF16
    file_index: 0
    data_offset: 115072
    data_len: 32768
  - name: layers.0.ffn.down_proj.weight
    shape:
      - 64
      - 256
    dtype: Q4_K
    file_index: 0
    data_offset: 147840
    data_len: 9216
  - name: layers.1.attn_norm.weight
    shape:
      - 64
    dtype: F32
    file_index: 0
    data_offset: 157056
    data_len: 256
  - name: layers.1.attn.q_proj.weight
    shape:
      - 64
      - 64
    dtype: Q8_0
    file_index: 0
    data_offset: 157312
    data_len: 4352
  - name: layers.1.attn.k_proj.weight
    shape:
      - 32
      - 64
    dtype: Q8_0
    file_index: 0
    data_offset: 161664
    data_len: 2176
  - name: layers.1.attn.v_proj.weight
    shape:
      - 32
      - 64
    dtype: F16
    file_index: 0
    data_offset: 163840
    data_len: 4096
  - name: layers.1.attn.o_proj.weight
    shape:
      - 64
      - 64
    dtype: Q8_0
    file_index: 0
    data_offset: 167936
    data_len: 4352
  - name: layers.1.ffn_norm.weight
    shape:
      - 64
    dtype: F32
    file_index: 0
    data_offset: 172288
    data_len: 256
  - name: layers.1.ffn.gate_proj.weight
    shape:
      - 256
      - 64
    dtype: F16
    file_index: 0
    data_offset: 172544
    data_len: 32768
  - name: layers.1.ffn.up_proj.weight
    shape:
      - 256
      - 64
    dtype: BF16
    file_index: 0
    data_offset: 205312
    data_len: 32768
  - name: layers.1.ffn.down_proj.weight
    shape:
      - 64
      - 256
    dtype: Q4_K
    file_index: 0
    data_offset: 238080
    data_len: 9216
data_section_offsets:
  - 5568
