---
source: cli/tests/inspect.rs
expression: stdout
---
model: tiny-llama-test
architecture: llama
hyperparams: layers=2 hidden=64 heads=2 kv_heads=1 ffn=256 vocab=260 ctx=128 rope_theta=10000 norm_eps=0.00001
tensors: 20
  token_embed.weight                             260x64 F32
  output_norm.weight                                 64 F32
  layers.0.attn_norm.weight                          64 F32
  … and 17 more
